*** EVALUATION ***
PROGRAM "motorSerialNuevo.abs"

*********************************************************************************************
TARGET SECTION
---------------------------------------------------------------------------------------------
Processor   : Freescale HC08
Memory Model: SMALL
File Format : ELF\DWARF 2.0
Linker      : SmartLinker V-5.0.51 Build 14019, Jan 20 2014

*********************************************************************************************
FILE SECTION
---------------------------------------------------------------------------------------------
ADCManager_c.obj                        Model: SMALL,         Lang: ANSI-C
DelayManager_c.obj                      Model: SMALL,         Lang: ANSI-C
DirectionManager_c.obj                  Model: SMALL,         Lang: ANSI-C
DistanceManager_c.obj                   Model: SMALL,         Lang: ANSI-C
MTIM_c.obj                              Model: SMALL,         Lang: ANSI-C
MessageManager_c.obj                    Model: SMALL,         Lang: ANSI-C
MotorManager_c.obj                      Model: SMALL,         Lang: ANSI-C
SCI_c.obj                               Model: SMALL,         Lang: ANSI-C
StringUtilis_c.obj                      Model: SMALL,         Lang: ANSI-C
TemperatureManager_c.obj                Model: SMALL,         Lang: ANSI-C
TimersManager_c.obj                     Model: SMALL,         Lang: ANSI-C
main_c.obj                              Model: SMALL,         Lang: ANSI-C
start08_c.obj                           Model: SMALL,         Lang: ANSI-C
mc9s08qg8_c.obj                         Model: SMALL,         Lang: ANSI-C
rtshc08.o (ansiis.lib)                  Model: SMALL,         Lang: ANSI-C

*********************************************************************************************
STARTUP SECTION
---------------------------------------------------------------------------------------------
Entry point: 0xE07B (_Startup)
_startupData is allocated at 0xE084 and uses 6 Bytes
extern struct _tagStartup {
  unsigned nofZeroOut     1
  _Range   pZeroOut       0x100     150
  _Copy    *toCopyDownBeg 0xEDEF
} _startupData;

*********************************************************************************************
SECTION-ALLOCATION SECTION
Section Name                    Size  Type     From       To       Segment
---------------------------------------------------------------------------------------------
.data                             10   R/W      0x100      0x109   RAM
.init                            132     R     0xE000     0xE083   ROM
.startData                        14     R     0xE084     0xE091   ROM
.rodata                          126     R     0xE092     0xE10F   ROM
.text                           3295     R     0xE110     0xEDEE   ROM
.copy                             15     R     0xEDEF     0xEDFD   ROM
.abs_section_ffe6                  2     R     0xFFE6     0xFFE7   .absSeg0
.abs_section_ffe0                  2     R     0xFFE0     0xFFE1   .absSeg1
.abs_section_ffde                  2     R     0xFFDE     0xFFDF   .absSeg2
.abs_section_0                     1   N/I        0x0        0x0   .absSeg3
.abs_section_1                     1   N/I        0x1        0x1   .absSeg4
.abs_section_2                     1   N/I        0x2        0x2   .absSeg5
.abs_section_3                     1   N/I        0x3        0x3   .absSeg6
.abs_section_c                     1   N/I        0xC        0xC   .absSeg7
.abs_section_d                     1   N/I        0xD        0xD   .absSeg8
.abs_section_e                     1   N/I        0xE        0xE   .absSeg9
.abs_section_f                     1   N/I        0xF        0xF   .absSeg10
.abs_section_10                    1   N/I       0x10       0x10   .absSeg11
.abs_section_11                    1   N/I       0x11       0x11   .absSeg12
.abs_section_16                    1   N/I       0x16       0x16   .absSeg13
.abs_section_17                    1   N/I       0x17       0x17   .absSeg14
.abs_section_1a                    1   N/I       0x1A       0x1A   .absSeg15
.abs_section_22                    1   N/I       0x22       0x22   .absSeg16
.abs_section_23                    1   N/I       0x23       0x23   .absSeg17
.abs_section_24                    1   N/I       0x24       0x24   .absSeg18
.abs_section_25                    1   N/I       0x25       0x25   .absSeg19
.abs_section_26                    1   N/I       0x26       0x26   .absSeg20
.abs_section_27                    1   N/I       0x27       0x27   .absSeg21
.abs_section_28                    1   N/I       0x28       0x28   .absSeg22
.abs_section_29                    1   N/I       0x29       0x29   .absSeg23
.abs_section_2a                    1   N/I       0x2A       0x2A   .absSeg24
.abs_section_2b                    1   N/I       0x2B       0x2B   .absSeg25
.abs_section_2d                    1   N/I       0x2D       0x2D   .absSeg26
.abs_section_30                    1   N/I       0x30       0x30   .absSeg27
.abs_section_31                    1   N/I       0x31       0x31   .absSeg28
.abs_section_32                    1   N/I       0x32       0x32   .absSeg29
.abs_section_33                    1   N/I       0x33       0x33   .absSeg30
.abs_section_34                    1   N/I       0x34       0x34   .absSeg31
.abs_section_38                    1   N/I       0x38       0x38   .absSeg32
.abs_section_39                    1   N/I       0x39       0x39   .absSeg33
.abs_section_3a                    1   N/I       0x3A       0x3A   .absSeg34
.abs_section_3b                    1   N/I       0x3B       0x3B   .absSeg35
.abs_section_3c                    1   N/I       0x3C       0x3C   .absSeg36
.abs_section_3d                    1   N/I       0x3D       0x3D   .absSeg37
.abs_section_3e                    1   N/I       0x3E       0x3E   .absSeg38
.abs_section_3f                    1   N/I       0x3F       0x3F   .absSeg39
.abs_section_40                    1   N/I       0x40       0x40   .absSeg40
.abs_section_45                    1   N/I       0x45       0x45   .absSeg41
.abs_section_48                    1   N/I       0x48       0x48   .absSeg42
.abs_section_1800                  1   N/I     0x1800     0x1800   .absSeg43
.abs_section_1801                  1   N/I     0x1801     0x1801   .absSeg44
.abs_section_1802                  1   N/I     0x1802     0x1802   .absSeg45
.abs_section_1803                  1   N/I     0x1803     0x1803   .absSeg46
.abs_section_1808                  1   N/I     0x1808     0x1808   .absSeg47
.abs_section_1809                  1   N/I     0x1809     0x1809   .absSeg48
.abs_section_180a                  1   N/I     0x180A     0x180A   .absSeg49
.abs_section_180c                  1   N/I     0x180C     0x180C   .absSeg50
.abs_section_1816                  1   N/I     0x1816     0x1816   .absSeg51
.abs_section_1817                  1   N/I     0x1817     0x1817   .absSeg52
.abs_section_1818                  1   N/I     0x1818     0x1818   .absSeg53
.abs_section_1820                  1   N/I     0x1820     0x1820   .absSeg54
.abs_section_1821                  1   N/I     0x1821     0x1821   .absSeg55
.abs_section_1823                  1   N/I     0x1823     0x1823   .absSeg56
.abs_section_1824                  1   N/I     0x1824     0x1824   .absSeg57
.abs_section_1825                  1   N/I     0x1825     0x1825   .absSeg58
.abs_section_1826                  1   N/I     0x1826     0x1826   .absSeg59
.abs_section_1840                  1   N/I     0x1840     0x1840   .absSeg60
.abs_section_1841                  1   N/I     0x1841     0x1841   .absSeg61
.abs_section_1842                  1   N/I     0x1842     0x1842   .absSeg62
.abs_section_1844                  1   N/I     0x1844     0x1844   .absSeg63
.abs_section_1845                  1   N/I     0x1845     0x1845   .absSeg64
.abs_section_1846                  1   N/I     0x1846     0x1846   .absSeg65
.abs_section_12                    2   N/I       0x12       0x13   .absSeg66
.abs_section_14                    2   N/I       0x14       0x15   .absSeg67
.abs_section_20                    2   N/I       0x20       0x21   .absSeg68
.abs_section_41                    2   N/I       0x41       0x42   .absSeg69
.abs_section_43                    2   N/I       0x43       0x44   .absSeg70
.abs_section_46                    2   N/I       0x46       0x47   .absSeg71
.abs_section_49                    2   N/I       0x49       0x4A   .absSeg72
.abs_section_1806                  2   N/I     0x1806     0x1807   .absSeg73
.abs_section_1810                  2   N/I     0x1810     0x1811   .absSeg74
.abs_section_1812                  2   N/I     0x1812     0x1813   .absSeg75
.abs_section_1814                  2   N/I     0x1814     0x1815   .absSeg76
.bss                             105   R/W      0x10A      0x172   RAM
.common                           35   R/W      0x173      0x195   RAM
.stack                            64   R/W      0x196      0x1D5   RAM
.vectSeg77_vect                    2     R     0xFFFE     0xFFFF   .vectSeg77

Summary of section sizes per section type:
READ_ONLY (R):         E06 (dec:     3590)
READ_WRITE (R/W):       D6 (dec:      214)
NO_INIT (N/I):          55 (dec:       85)

*********************************************************************************************
VECTOR-ALLOCATION SECTION
    Address     InitValue   InitFunction
---------------------------------------------------------------------------------------------
     0xFFFE        0xE07B   _Startup

*********************************************************************************************
OBJECT-ALLOCATION SECTION
     Name               Module                 Addr   hSize   dSize     Ref    Section   RLIB
---------------------------------------------------------------------------------------------
MODULE:                 -- ADCManager_c.obj --
- PROCEDURES:
     ADC_Init                                  E110       6       6       1   .text       
     ADC_isDataReady                           E116       8       8       1   .text       
     ADC_Read                                  E11E       3       3       1   .text       
- VARIABLES:
MODULE:                 -- DelayManager_c.obj --
- PROCEDURES:
     DelayManager_Init                         E121      1D      29       2   .text       
     DelayManager_getTimeUs                    E13E      38      56       1   .text       
- VARIABLES:
MODULE:                 -- DirectionManager_c.obj --
- PROCEDURES:
     DirectionManager_Init                     E176       6       6       1   .text       
     DirectionManager_setDirection             E17C       4       4       4   .text       
     DirectionManager_getDirection             E180       4       4       4   .text       
- VARIABLES:
     direction                                  173       1       1       3   .common     
MODULE:                 -- DistanceManager_c.obj --
- PROCEDURES:
     DistanceManager_Dist2Degrees              E184      10      16       1   .text       
- VARIABLES:
MODULE:                 -- MTIM_c.obj --
- PROCEDURES:
     MTIM_Init                                 E194       A      10       1   .text       
     MTIM_RegisterIsrCallback                  E19E       9       9       1   .text       
     MTIM_isr                                  E1A7       D      13       1   .text       
- VARIABLES:
     sMtimIsrCallback                           10A       2       2       2   .bss        
     _Vector_12                                FFE6       2       2       0   .abs_section_ffe6
MODULE:                 -- MessageManager_c.obj --
- PROCEDURES:
     MsgManager_Init                           E1B4      1A      26       1   .text       
     MsgManager_SendMessage                    E1CE       3       3       3   .text       
     MsgManager_TxisBusy                       E1D1       3       3       3   .text       
     MsgManager_GetMessageReceived             E1D4      71     113       1   .text       
     MsgManager_isNewMessageReady              E245       B      11       1   .text       
     MsgManager_clearMsg                       E250      18      24       1   .text       
     MsgManager_ReceiveMessage                 E268      47      71       1   .text       
- VARIABLES:
     MsgManager_Buffer1                         10C      1A      26       4   .bss        
     MsgManager_Buffer2                         126      1A      26       4   .bss        
     Buffer_Select                              140       1       1       3   .bss        
     MsgManagerBuffer1_isFull                   141       1       1       5   .bss        
     MsgManagerBuffer2_isFull                   142       1       1       4   .bss        
     RxIndex                                    143       1       1       4   .bss        
MODULE:                 -- MotorManager_c.obj --
- PROCEDURES:
     MotorManager_Init                         E2AF      13      19       1   .text       
     MotorManager_RotateCounterClockwise       E2C2      14      20       1   .text       
     MotorManager_RotateClockwise              E2D6      14      20       1   .text       
- VARIABLES:
     half_step_sequence                        E092       8       8       3   .rodata     
     s_index                                    144       1       1       5   .bss        
     u8current_sequence                         174       1       1       3   .common     
MODULE:                 -- SCI_c.obj --
- PROCEDURES:
     SCI_RX                                    E2EA       E      14       1   .text       
     SCI_TxISR                                 E2F8      20      32       1   .text       
     SCI_InitTx                                E318       8       8       1   .text       
     SCI_InitRx                                E320       A      10       1   .text       
     SCI_SendMessage                           E32A      40      64       1   .text       
     SCI_TxIsBusy                              E36A       4       4       1   .text       
     SCI_SetRxCallBack                         E36E       9       9       1   .text       
     SCI_getChar                               E377       3       3       3   .text       
- VARIABLES:
     _fnRxCallback                              145       2       2       2   .bss        
     _cTxMSG                                    147      1A      26       2   .bss        
     _u8TxSize                                  161       1       1       2   .bss        
     _u8TxIndex                                 162       1       1       3   .bss        
     _Vector_15                                FFE0       2       2       0   .abs_section_ffe0
     _Vector_16                                FFDE       2       2       0   .abs_section_ffde
     bTX_IsBusy                                 175       1       1       4   .common     
MODULE:                 -- StringUtilis_c.obj --
- PROCEDURES:
     StringUtils_Str2Num                       E37A      88     136       5   .text       
     StringUtils_Num2Str                       E402      E3     227       2   .text       
     StringUtils_strcmp                        E4E5      3B      59      11   .text       
- VARIABLES:
MODULE:                 -- TemperatureManager_c.obj --
- PROCEDURES:
     TemperatureManager_Init                   E520       3       3       1   .text       
     TemperatureManager_isDataReady            E523       3       3       1   .text       
     TemperatureManager_Read                   E526       A      10       1   .text       
- VARIABLES:
MODULE:                 -- TimersManager_c.obj --
- PROCEDURES:
     TimersMngr_Init                           E530      41      65       1   .text       
     TimersMngr_PeriodicTask                   E571      D0     208       6   .text       
     TimersMngr_CreateTimer                    E641      2D      45       1   .text       
     TimersMngr_StartTimer                     E66E      3D      61       6   .text       
     TimersMngr_TimerHasElapsed                E6AB      24      36       3   .text       
     TimersMngr_UpdateCount                    E6CF       9       9       3   .text       
- VARIABLES:
     sTimersObjArray                            163       C      12      25   .bss        
     su8Timers                                  16F       1       1       5   .bss        
     su16ElapsedTime                            170       2       2       4   .bss        
     su8ActiveTimers                            172       1       1       2   .bss        
MODULE:                 -- main_c.obj --
- PROCEDURES:
     moveMotor                                 E6D8       F      15       3   .text       
     tryAgain                                  E6E7       F      15       5   .text       
     sendDone                                  E6F6      15      21       7   .text       
     main                                      E70B     38E     910      17   .text       
- VARIABLES:
     k_msgTempLim                              E09A       C      12       1   .rodata     
     k_optDirCw                                E0A6       4       4       1   .rodata     
     k_optDirCcw                               E0AA       5       5       1   .rodata     
     k_optMotorOff                             E0AF       5       5       1   .rodata     
     k_optMotorOn                              E0B4       4       4       1   .rodata     
     k_msgMotor                                E0B8       7       7       1   .rodata     
     k_msgRps                                  E0BF       5       5       1   .rodata     
     k_msgDir                                  E0C4       5       5       1   .rodata     
     k_msgStep                                 E0C9       9       9       1   .rodata     
     k_msgStepCcw                              E0D2       A      10       1   .rodata     
     k_msgDone                                 E0DC       8       8       1   .rodata     
     k_invalidMsg                              E0E4       D      13       1   .rodata     
     k_overTempDetect                          E0F1      19      25       1   .rodata     
     k_msgDistance                             E10A       6       6       1   .rodata     
     tempMsg                                    100       A      10       2   .data       
     tempTimerID                                176       1       1       3   .common     
     variableStepperTime                        177       2       2       6   .common     
     currMsg                                    179      1A      26      18   .common     
     motorState                                 193       1       1       5   .common     
     temperatureLimit                           194       2       2       4   .common     
MODULE:                 -- start08_c.obj --
- PROCEDURES:
     loadByte                                  E000       E      14       5   .init       
     Init                                      E00E      6D     109       1   .init       
     _Startup                                  E07B       9       9       0   .init       
- VARIABLES:
     _startupData                              E084       6       6       4   .startData  
- LABELS:
     __SEG_END_SSTACK                           1D6       0       0       1               
MODULE:                 -- mc9s08qg8_c.obj --
- PROCEDURES:
- VARIABLES:
     _PTAD                                        0       1       1       0   .abs_section_0
     _PTADD                                       1       1       1       0   .abs_section_1
     _PTBD                                        2       1       1       3   .abs_section_2
     _PTBDD                                       3       1       1       2   .abs_section_3
     _KBISC                                       C       1       1       0   .abs_section_c
     _KBIPE                                       D       1       1       0   .abs_section_d
     _KBIES                                       E       1       1       0   .abs_section_e
     _IRQSC                                       F       1       1       0   .abs_section_f
     _ADCSC1                                     10       1       1       2   .abs_section_10
     _ADCSC2                                     11       1       1       0   .abs_section_11
     _ADCCFG                                     16       1       1       0   .abs_section_16
     _APCTL1                                     17       1       1       1   .abs_section_17
     _ACMPSC                                     1A       1       1       0   .abs_section_1a
     _SCIC1                                      22       1       1       0   .abs_section_22
     _SCIC2                                      23       1       1       5   .abs_section_23
     _SCIS1                                      24       1       1       2   .abs_section_24
     _SCIS2                                      25       1       1       0   .abs_section_25
     _SCIC3                                      26       1       1       0   .abs_section_26
     _SCID                                       27       1       1       2   .abs_section_27
     _SPIC1                                      28       1       1       0   .abs_section_28
     _SPIC2                                      29       1       1       0   .abs_section_29
     _SPIBR                                      2A       1       1       0   .abs_section_2a
     _SPIS                                       2B       1       1       0   .abs_section_2b
     _SPID                                       2D       1       1       0   .abs_section_2d
     _IICA                                       30       1       1       0   .abs_section_30
     _IICF                                       31       1       1       0   .abs_section_31
     _IICC                                       32       1       1       0   .abs_section_32
     _IICS                                       33       1       1       0   .abs_section_33
     _IICD                                       34       1       1       0   .abs_section_34
     _ICSC1                                      38       1       1       0   .abs_section_38
     _ICSC2                                      39       1       1       0   .abs_section_39
     _ICSTRM                                     3A       1       1       0   .abs_section_3a
     _ICSSC                                      3B       1       1       0   .abs_section_3b
     _MTIMSC                                     3C       1       1       4   .abs_section_3c
     _MTIMCLK                                    3D       1       1       1   .abs_section_3d
     _MTIMCNT                                    3E       1       1       0   .abs_section_3e
     _MTIMMOD                                    3F       1       1       1   .abs_section_3f
     _TPMSC                                      40       1       1       0   .abs_section_40
     _TPMC0SC                                    45       1       1       0   .abs_section_45
     _TPMC1SC                                    48       1       1       0   .abs_section_48
     _SRS                                      1800       1       1       7   .abs_section_1800
     _SBDFR                                    1801       1       1       0   .abs_section_1801
     _SOPT1                                    1802       1       1       0   .abs_section_1802
     _SOPT2                                    1803       1       1       0   .abs_section_1803
     _SRTISC                                   1808       1       1       0   .abs_section_1808
     _SPMSC1                                   1809       1       1       0   .abs_section_1809
     _SPMSC2                                   180A       1       1       0   .abs_section_180a
     _SPMSC3                                   180C       1       1       0   .abs_section_180c
     _DBGC                                     1816       1       1       0   .abs_section_1816
     _DBGT                                     1817       1       1       0   .abs_section_1817
     _DBGS                                     1818       1       1       0   .abs_section_1818
     _FCDIV                                    1820       1       1       0   .abs_section_1820
     _FOPT                                     1821       1       1       0   .abs_section_1821
     _FCNFG                                    1823       1       1       0   .abs_section_1823
     _FPROT                                    1824       1       1       0   .abs_section_1824
     _FSTAT                                    1825       1       1       0   .abs_section_1825
     _FCMD                                     1826       1       1       0   .abs_section_1826
     _PTAPE                                    1840       1       1       0   .abs_section_1840
     _PTASE                                    1841       1       1       0   .abs_section_1841
     _PTADS                                    1842       1       1       0   .abs_section_1842
     _PTBPE                                    1844       1       1       0   .abs_section_1844
     _PTBSE                                    1845       1       1       0   .abs_section_1845
     _PTBDS                                    1846       1       1       0   .abs_section_1846
     _ADCR                                       12       2       2       1   .abs_section_12
     _ADCCV                                      14       2       2       0   .abs_section_14
     _SCIBD                                      20       2       2       2   .abs_section_20
     _TPMCNT                                     41       2       2       0   .abs_section_41
     _TPMMOD                                     43       2       2       0   .abs_section_43
     _TPMC0V                                     46       2       2       0   .abs_section_46
     _TPMC1V                                     49       2       2       0   .abs_section_49
     _SDID                                     1806       2       2       0   .abs_section_1806
     _DBGCA                                    1810       2       2       0   .abs_section_1810
     _DBGCB                                    1812       2       2       0   .abs_section_1812
     _DBGF                                     1814       2       2       0   .abs_section_1814
MODULE:                 -- rtshc08.o (ansiis.lib) --
- PROCEDURES:
     _PUSH_ARGS_L                              EA99      20      32       3   .text       
     _ENTER_BINARY_L                           EAB9      16      22       2   .text       
     _ENTER_BINARY_L_RC                        EACF      19      25       3   .text       
     _ENTER_BINARY_L_LC                        EAE8      1A      26       1   .text       
     _IDIVMOD                                  EB02      69     105       2   .text       
     _k_is_k_plus_j_l                          EB6B      1E      30       2   .text       
     _k_is_k_plus_j_i                          EB89      12      18       3   .text       
     _LSUB_k_is_k_minus_j                      EB9B      1F      31       2   .text       
     _LMUL_k_is_k_mul_j                        EBBA      81     129       1   .text       
     _LDIVMOD                                  EC3B      A4     164       1   .text       
     _LDIVU_k_is_k_div_j                       ECDF      17      23       1   .text       
     _LCMP_k_rel_j                             ECF6      1F      31       2   .text       
     _IMUL_STAR08                              ED15      27      39       2   .text       
     _IDIVU_STAR08                             ED3C       D      13       3   .text       
     _IMODU_STAR08                             ED49      10      16       1   .text       
     _IMODU_8                                  ED59      12      18       1   .text       
     _ICMP                                     ED6B      16      22       1   .text       
     _LSUB                                     ED81       6       6       1   .text       
     _LSUB_RC                                  ED87       6       6       1   .text       
     _LMUL_RC                                  ED8D       6       6       4   .text       
     _LDIVU_LC                                 ED93       6       6       1   .text       
     _LCMP                                     ED99       6       6       1   .text       
     _LCMP_RC                                  ED9F       6       6       1   .text       
     _COPY                                     EDA5      30      48       1   .text       
     _POP32                                    EDD5      1A      26       5   .text       
- VARIABLES:

*********************************************************************************************
MODULE STATISTIC
  Name                                      Data   Code  Const
---------------------------------------------------------------------------------------------
  ADCManager_c.obj                             0     17      0
  DelayManager_c.obj                           0     85      0
  DirectionManager_c.obj                       1     14      0
  DistanceManager_c.obj                        0     16      0
  MTIM_c.obj                                   2     32      2
  MessageManager_c.obj                        56    251      0
  MotorManager_c.obj                           2     59      8
  SCI_c.obj                                   31    144      4
  StringUtilis_c.obj                           0    422      0
  TemperatureManager_c.obj                     0     16      0
  TimersManager_c.obj                         16    424      0
  main_c.obj                                  42    961    118
  start08_c.obj                                0    132      0
  mc9s08qg8_c.obj                             85      0      0
  rtshc08.o (ansiis.lib)                       0    854      0
  other                                       64     16     15

*********************************************************************************************
SECTION USE IN OBJECT-ALLOCATION SECTION
---------------------------------------------------------------------------------------------
SECTION: ".text"
  ADC_Init ADC_isDataReady ADC_Read DelayManager_Init DelayManager_getTimeUs 
  DirectionManager_Init DirectionManager_setDirection 
  DirectionManager_getDirection DistanceManager_Dist2Degrees MTIM_Init 
  MTIM_RegisterIsrCallback MTIM_isr MsgManager_Init MsgManager_SendMessage 
  MsgManager_TxisBusy MsgManager_GetMessageReceived 
  MsgManager_isNewMessageReady MsgManager_clearMsg MsgManager_ReceiveMessage 
  MotorManager_Init MotorManager_RotateCounterClockwise 
  MotorManager_RotateClockwise SCI_RX SCI_TxISR SCI_InitTx SCI_InitRx 
  SCI_SendMessage SCI_TxIsBusy SCI_SetRxCallBack SCI_getChar 
  StringUtils_Str2Num StringUtils_Num2Str StringUtils_strcmp 
  TemperatureManager_Init TemperatureManager_isDataReady 
  TemperatureManager_Read TimersMngr_Init TimersMngr_PeriodicTask 
  TimersMngr_CreateTimer TimersMngr_StartTimer TimersMngr_TimerHasElapsed 
  TimersMngr_UpdateCount moveMotor tryAgain sendDone main _PUSH_ARGS_L 
  _ENTER_BINARY_L _ENTER_BINARY_L_RC _ENTER_BINARY_L_LC _IDIVMOD 
  _k_is_k_plus_j_l _k_is_k_plus_j_i _LSUB_k_is_k_minus_j _LMUL_k_is_k_mul_j 
  _LDIVMOD _LDIVU_k_is_k_div_j _LCMP_k_rel_j _IMUL_STAR08 _IDIVU_STAR08 
  _IMODU_STAR08 _IMODU_8 _ICMP _LSUB _LSUB_RC _LMUL_RC _LDIVU_LC _LCMP _LCMP_RC 
  _COPY _POP32 
SECTION: ".data"
  tempMsg 
SECTION: ".bss"
  sMtimIsrCallback MsgManager_Buffer1 MsgManager_Buffer2 Buffer_Select 
  MsgManagerBuffer1_isFull MsgManagerBuffer2_isFull RxIndex s_index 
  _fnRxCallback _cTxMSG _u8TxSize _u8TxIndex sTimersObjArray su8Timers 
  su16ElapsedTime su8ActiveTimers 
SECTION: ".init"
  loadByte Init _Startup 
SECTION: ".rodata"
  half_step_sequence k_msgTempLim k_optDirCw k_optDirCcw k_optMotorOff 
  k_optMotorOn k_msgMotor k_msgRps k_msgDir k_msgStep k_msgStepCcw k_msgDone 
  k_invalidMsg k_overTempDetect k_msgDistance 
SECTION: ".common"
  direction u8current_sequence bTX_IsBusy tempTimerID variableStepperTime 
  currMsg motorState temperatureLimit 
SECTION: ".abs_section_ffe6"
  _Vector_12 
SECTION: ".abs_section_ffe0"
  _Vector_15 
SECTION: ".abs_section_ffde"
  _Vector_16 
SECTION: ".abs_section_0"
  _PTAD 
SECTION: ".abs_section_1"
  _PTADD 
SECTION: ".abs_section_2"
  _PTBD 
SECTION: ".abs_section_3"
  _PTBDD 
SECTION: ".abs_section_c"
  _KBISC 
SECTION: ".abs_section_d"
  _KBIPE 
SECTION: ".abs_section_e"
  _KBIES 
SECTION: ".abs_section_f"
  _IRQSC 
SECTION: ".abs_section_10"
  _ADCSC1 
SECTION: ".abs_section_11"
  _ADCSC2 
SECTION: ".abs_section_16"
  _ADCCFG 
SECTION: ".abs_section_17"
  _APCTL1 
SECTION: ".abs_section_1a"
  _ACMPSC 
SECTION: ".abs_section_22"
  _SCIC1 
SECTION: ".abs_section_23"
  _SCIC2 
SECTION: ".abs_section_24"
  _SCIS1 
SECTION: ".abs_section_25"
  _SCIS2 
SECTION: ".abs_section_26"
  _SCIC3 
SECTION: ".abs_section_27"
  _SCID 
SECTION: ".abs_section_28"
  _SPIC1 
SECTION: ".abs_section_29"
  _SPIC2 
SECTION: ".abs_section_2a"
  _SPIBR 
SECTION: ".abs_section_2b"
  _SPIS 
SECTION: ".abs_section_2d"
  _SPID 
SECTION: ".abs_section_30"
  _IICA 
SECTION: ".abs_section_31"
  _IICF 
SECTION: ".abs_section_32"
  _IICC 
SECTION: ".abs_section_33"
  _IICS 
SECTION: ".abs_section_34"
  _IICD 
SECTION: ".abs_section_38"
  _ICSC1 
SECTION: ".abs_section_39"
  _ICSC2 
SECTION: ".abs_section_3a"
  _ICSTRM 
SECTION: ".abs_section_3b"
  _ICSSC 
SECTION: ".abs_section_3c"
  _MTIMSC 
SECTION: ".abs_section_3d"
  _MTIMCLK 
SECTION: ".abs_section_3e"
  _MTIMCNT 
SECTION: ".abs_section_3f"
  _MTIMMOD 
SECTION: ".abs_section_40"
  _TPMSC 
SECTION: ".abs_section_45"
  _TPMC0SC 
SECTION: ".abs_section_48"
  _TPMC1SC 
SECTION: ".abs_section_1800"
  _SRS 
SECTION: ".abs_section_1801"
  _SBDFR 
SECTION: ".abs_section_1802"
  _SOPT1 
SECTION: ".abs_section_1803"
  _SOPT2 
SECTION: ".abs_section_1808"
  _SRTISC 
SECTION: ".abs_section_1809"
  _SPMSC1 
SECTION: ".abs_section_180a"
  _SPMSC2 
SECTION: ".abs_section_180c"
  _SPMSC3 
SECTION: ".abs_section_1816"
  _DBGC 
SECTION: ".abs_section_1817"
  _DBGT 
SECTION: ".abs_section_1818"
  _DBGS 
SECTION: ".abs_section_1820"
  _FCDIV 
SECTION: ".abs_section_1821"
  _FOPT 
SECTION: ".abs_section_1823"
  _FCNFG 
SECTION: ".abs_section_1824"
  _FPROT 
SECTION: ".abs_section_1825"
  _FSTAT 
SECTION: ".abs_section_1826"
  _FCMD 
SECTION: ".abs_section_1840"
  _PTAPE 
SECTION: ".abs_section_1841"
  _PTASE 
SECTION: ".abs_section_1842"
  _PTADS 
SECTION: ".abs_section_1844"
  _PTBPE 
SECTION: ".abs_section_1845"
  _PTBSE 
SECTION: ".abs_section_1846"
  _PTBDS 
SECTION: ".abs_section_12"
  _ADCR 
SECTION: ".abs_section_14"
  _ADCCV 
SECTION: ".abs_section_20"
  _SCIBD 
SECTION: ".abs_section_41"
  _TPMCNT 
SECTION: ".abs_section_43"
  _TPMMOD 
SECTION: ".abs_section_46"
  _TPMC0V 
SECTION: ".abs_section_49"
  _TPMC1V 
SECTION: ".abs_section_1806"
  _SDID 
SECTION: ".abs_section_1810"
  _DBGCA 
SECTION: ".abs_section_1812"
  _DBGCB 
SECTION: ".abs_section_1814"
  _DBGF 

*********************************************************************************************
OBJECT LIST SORTED BY ADDRESS
     Name                                      Addr   hSize   dSize     Ref    Section   RLIB
---------------------------------------------------------------------------------------------
     _PTAD                                        0       1       1       0   .abs_section_0
     _PTADD                                       1       1       1       0   .abs_section_1
     _PTBD                                        2       1       1       3   .abs_section_2
     _PTBDD                                       3       1       1       2   .abs_section_3
     _KBISC                                       C       1       1       0   .abs_section_c
     _KBIPE                                       D       1       1       0   .abs_section_d
     _KBIES                                       E       1       1       0   .abs_section_e
     _IRQSC                                       F       1       1       0   .abs_section_f
     _ADCSC1                                     10       1       1       2   .abs_section_10
     _ADCSC2                                     11       1       1       0   .abs_section_11
     _ADCR                                       12       2       2       1   .abs_section_12
     _ADCCV                                      14       2       2       0   .abs_section_14
     _ADCCFG                                     16       1       1       0   .abs_section_16
     _APCTL1                                     17       1       1       1   .abs_section_17
     _ACMPSC                                     1A       1       1       0   .abs_section_1a
     _SCIBD                                      20       2       2       2   .abs_section_20
     _SCIC1                                      22       1       1       0   .abs_section_22
     _SCIC2                                      23       1       1       5   .abs_section_23
     _SCIS1                                      24       1       1       2   .abs_section_24
     _SCIS2                                      25       1       1       0   .abs_section_25
     _SCIC3                                      26       1       1       0   .abs_section_26
     _SCID                                       27       1       1       2   .abs_section_27
     _SPIC1                                      28       1       1       0   .abs_section_28
     _SPIC2                                      29       1       1       0   .abs_section_29
     _SPIBR                                      2A       1       1       0   .abs_section_2a
     _SPIS                                       2B       1       1       0   .abs_section_2b
     _SPID                                       2D       1       1       0   .abs_section_2d
     _IICA                                       30       1       1       0   .abs_section_30
     _IICF                                       31       1       1       0   .abs_section_31
     _IICC                                       32       1       1       0   .abs_section_32
     _IICS                                       33       1       1       0   .abs_section_33
     _IICD                                       34       1       1       0   .abs_section_34
     _ICSC1                                      38       1       1       0   .abs_section_38
     _ICSC2                                      39       1       1       0   .abs_section_39
     _ICSTRM                                     3A       1       1       0   .abs_section_3a
     _ICSSC                                      3B       1       1       0   .abs_section_3b
     _MTIMSC                                     3C       1       1       4   .abs_section_3c
     _MTIMCLK                                    3D       1       1       1   .abs_section_3d
     _MTIMCNT                                    3E       1       1       0   .abs_section_3e
     _MTIMMOD                                    3F       1       1       1   .abs_section_3f
     _TPMSC                                      40       1       1       0   .abs_section_40
     _TPMCNT                                     41       2       2       0   .abs_section_41
     _TPMMOD                                     43       2       2       0   .abs_section_43
     _TPMC0SC                                    45       1       1       0   .abs_section_45
     _TPMC0V                                     46       2       2       0   .abs_section_46
     _TPMC1SC                                    48       1       1       0   .abs_section_48
     _TPMC1V                                     49       2       2       0   .abs_section_49
     tempMsg                                    100       A      10       2   .data       
     sMtimIsrCallback                           10A       2       2       2   .bss        
     MsgManager_Buffer1                         10C      1A      26       4   .bss        
     MsgManager_Buffer2                         126      1A      26       4   .bss        
     Buffer_Select                              140       1       1       3   .bss        
     MsgManagerBuffer1_isFull                   141       1       1       5   .bss        
     MsgManagerBuffer2_isFull                   142       1       1       4   .bss        
     RxIndex                                    143       1       1       4   .bss        
     s_index                                    144       1       1       5   .bss        
     _fnRxCallback                              145       2       2       2   .bss        
     _cTxMSG                                    147      1A      26       2   .bss        
     _u8TxSize                                  161       1       1       2   .bss        
     _u8TxIndex                                 162       1       1       3   .bss        
     sTimersObjArray                            163       C      12      25   .bss        
     su8Timers                                  16F       1       1       5   .bss        
     su16ElapsedTime                            170       2       2       4   .bss        
     su8ActiveTimers                            172       1       1       2   .bss        
     direction                                  173       1       1       3   .common     
     u8current_sequence                         174       1       1       3   .common     
     bTX_IsBusy                                 175       1       1       4   .common     
     tempTimerID                                176       1       1       3   .common     
     variableStepperTime                        177       2       2       6   .common     
     currMsg                                    179      1A      26      18   .common     
     motorState                                 193       1       1       5   .common     
     temperatureLimit                           194       2       2       4   .common     
     _SRS                                      1800       1       1       7   .abs_section_1800
     _SBDFR                                    1801       1       1       0   .abs_section_1801
     _SOPT1                                    1802       1       1       0   .abs_section_1802
     _SOPT2                                    1803       1       1       0   .abs_section_1803
     _SDID                                     1806       2       2       0   .abs_section_1806
     _SRTISC                                   1808       1       1       0   .abs_section_1808
     _SPMSC1                                   1809       1       1       0   .abs_section_1809
     _SPMSC2                                   180A       1       1       0   .abs_section_180a
     _SPMSC3                                   180C       1       1       0   .abs_section_180c
     _DBGCA                                    1810       2       2       0   .abs_section_1810
     _DBGCB                                    1812       2       2       0   .abs_section_1812
     _DBGF                                     1814       2       2       0   .abs_section_1814
     _DBGC                                     1816       1       1       0   .abs_section_1816
     _DBGT                                     1817       1       1       0   .abs_section_1817
     _DBGS                                     1818       1       1       0   .abs_section_1818
     _FCDIV                                    1820       1       1       0   .abs_section_1820
     _FOPT                                     1821       1       1       0   .abs_section_1821
     _FCNFG                                    1823       1       1       0   .abs_section_1823
     _FPROT                                    1824       1       1       0   .abs_section_1824
     _FSTAT                                    1825       1       1       0   .abs_section_1825
     _FCMD                                     1826       1       1       0   .abs_section_1826
     _PTAPE                                    1840       1       1       0   .abs_section_1840
     _PTASE                                    1841       1       1       0   .abs_section_1841
     _PTADS                                    1842       1       1       0   .abs_section_1842
     _PTBPE                                    1844       1       1       0   .abs_section_1844
     _PTBSE                                    1845       1       1       0   .abs_section_1845
     _PTBDS                                    1846       1       1       0   .abs_section_1846
     loadByte                                  E000       E      14       5   .init       
     Init                                      E00E      6D     109       1   .init       
     _Startup                                  E07B       9       9       0   .init       
     half_step_sequence                        E092       8       8       3   .rodata     
     k_msgTempLim                              E09A       C      12       1   .rodata     
     k_optDirCw                                E0A6       4       4       1   .rodata     
     k_optDirCcw                               E0AA       5       5       1   .rodata     
     k_optMotorOff                             E0AF       5       5       1   .rodata     
     k_optMotorOn                              E0B4       4       4       1   .rodata     
     k_msgMotor                                E0B8       7       7       1   .rodata     
     k_msgRps                                  E0BF       5       5       1   .rodata     
     k_msgDir                                  E0C4       5       5       1   .rodata     
     k_msgStep                                 E0C9       9       9       1   .rodata     
     k_msgStepCcw                              E0D2       A      10       1   .rodata     
     k_msgDone                                 E0DC       8       8       1   .rodata     
     k_invalidMsg                              E0E4       D      13       1   .rodata     
     k_overTempDetect                          E0F1      19      25       1   .rodata     
     k_msgDistance                             E10A       6       6       1   .rodata     
     ADC_Init                                  E110       6       6       1   .text       
     ADC_isDataReady                           E116       8       8       1   .text       
     ADC_Read                                  E11E       3       3       1   .text       
     DelayManager_Init                         E121      1D      29       2   .text       
     DelayManager_getTimeUs                    E13E      38      56       1   .text       
     DirectionManager_Init                     E176       6       6       1   .text       
     DirectionManager_setDirection             E17C       4       4       4   .text       
     DirectionManager_getDirection             E180       4       4       4   .text       
     DistanceManager_Dist2Degrees              E184      10      16       1   .text       
     MTIM_Init                                 E194       A      10       1   .text       
     MTIM_RegisterIsrCallback                  E19E       9       9       1   .text       
     MTIM_isr                                  E1A7       D      13       1   .text       
     MsgManager_Init                           E1B4      1A      26       1   .text       
     MsgManager_SendMessage                    E1CE       3       3       3   .text       
     MsgManager_TxisBusy                       E1D1       3       3       3   .text       
     MsgManager_GetMessageReceived             E1D4      71     113       1   .text       
     MsgManager_isNewMessageReady              E245       B      11       1   .text       
     MsgManager_clearMsg                       E250      18      24       1   .text       
     MsgManager_ReceiveMessage                 E268      47      71       1   .text       
     MotorManager_Init                         E2AF      13      19       1   .text       
     MotorManager_RotateCounterClockwise       E2C2      14      20       1   .text       
     MotorManager_RotateClockwise              E2D6      14      20       1   .text       
     SCI_RX                                    E2EA       E      14       1   .text       
     SCI_TxISR                                 E2F8      20      32       1   .text       
     SCI_InitTx                                E318       8       8       1   .text       
     SCI_InitRx                                E320       A      10       1   .text       
     SCI_SendMessage                           E32A      40      64       1   .text       
     SCI_TxIsBusy                              E36A       4       4       1   .text       
     SCI_SetRxCallBack                         E36E       9       9       1   .text       
     SCI_getChar                               E377       3       3       3   .text       
     StringUtils_Str2Num                       E37A      88     136       5   .text       
     StringUtils_Num2Str                       E402      E3     227       2   .text       
     StringUtils_strcmp                        E4E5      3B      59      11   .text       
     TemperatureManager_Init                   E520       3       3       1   .text       
     TemperatureManager_isDataReady            E523       3       3       1   .text       
     TemperatureManager_Read                   E526       A      10       1   .text       
     TimersMngr_Init                           E530      41      65       1   .text       
     TimersMngr_PeriodicTask                   E571      D0     208       6   .text       
     TimersMngr_CreateTimer                    E641      2D      45       1   .text       
     TimersMngr_StartTimer                     E66E      3D      61       6   .text       
     TimersMngr_TimerHasElapsed                E6AB      24      36       3   .text       
     TimersMngr_UpdateCount                    E6CF       9       9       3   .text       
     moveMotor                                 E6D8       F      15       3   .text       
     tryAgain                                  E6E7       F      15       5   .text       
     sendDone                                  E6F6      15      21       7   .text       
     main                                      E70B     38E     910      17   .text       
     _PUSH_ARGS_L                              EA99      20      32       3   .text       
     _ENTER_BINARY_L                           EAB9      16      22       2   .text       
     _ENTER_BINARY_L_RC                        EACF      19      25       3   .text       
     _ENTER_BINARY_L_LC                        EAE8      1A      26       1   .text       
     _IDIVMOD                                  EB02      69     105       2   .text       
     _k_is_k_plus_j_l                          EB6B      1E      30       2   .text       
     _k_is_k_plus_j_i                          EB89      12      18       3   .text       
     _LSUB_k_is_k_minus_j                      EB9B      1F      31       2   .text       
     _LMUL_k_is_k_mul_j                        EBBA      81     129       1   .text       
     _LDIVMOD                                  EC3B      A4     164       1   .text       
     _LDIVU_k_is_k_div_j                       ECDF      17      23       1   .text       
     _LCMP_k_rel_j                             ECF6      1F      31       2   .text       
     _IMUL_STAR08                              ED15      27      39       2   .text       
     _IDIVU_STAR08                             ED3C       D      13       3   .text       
     _IMODU_STAR08                             ED49      10      16       1   .text       
     _IMODU_8                                  ED59      12      18       1   .text       
     _ICMP                                     ED6B      16      22       1   .text       
     _LSUB                                     ED81       6       6       1   .text       
     _LSUB_RC                                  ED87       6       6       1   .text       
     _LMUL_RC                                  ED8D       6       6       4   .text       
     _LDIVU_LC                                 ED93       6       6       1   .text       
     _LCMP                                     ED99       6       6       1   .text       
     _LCMP_RC                                  ED9F       6       6       1   .text       
     _COPY                                     EDA5      30      48       1   .text       
     _POP32                                    EDD5      1A      26       5   .text       
     _Vector_16                                FFDE       2       2       0   .abs_section_ffde
     _Vector_15                                FFE0       2       2       0   .abs_section_ffe0
     _Vector_12                                FFE6       2       2       0   .abs_section_ffe6

*********************************************************************************************
UNUSED-OBJECTS SECTION
---------------------------------------------------------------------------------------------
NOT USED PROCEDURES
StringUtilis_c.obj:
  StringUtils_setSize 
TimersManager_c.obj:
  TimersMngr_StopTimer TimersMngr_SetPointer 
rtshc08.o (ansiis.lib):
  _PUSH_ARGS_D _ENTER_UNARY_L _ENTER_UNARY_L64 _ENTER_UNARY_L64_4 
  _ENTER_BINARY_L64 _ENTER_BINARY_L64_LC _ENTER_BINARY_L64_RC _SPLITSIGN 
  _LADD_k_is_k_plus_j _LAND_k_is_k_and_j _LOR_k_is_k_or_j _LXOR_k_is_k_xor_j 
  _NEG_L_HX _ABS_L_HX _SPLITSIGN_L _LMODU_k_is_k_mod_j _LMODS_k_is_k_mod_j 
  _LDIVS_k_is_k_div_j _CMP24_k_rel_j _BMULS _BDIVS _BMODS _IDIVS_STAR08 
  _IMODS_STAR08 _IDIVU_8 _IASR _ILSR _ILSL _LINC _LDEC _LNEG _LNOT _LADD 
  _LADD_RC _LSUB_LC _LAND _LAND_RC _LOR _LOR_RC _LXOR _LXOR_RC _LMUL _LDIVS 
  _LDIVS_LC _LDIVS_RC _LDIVU _LDIVU_RC _LMODS _LMODS_LC _LMODS_RC _LMODU 
  _LMODU_LC _LMODU_RC _LASR _LLSR _LLSL _PUSH_ARGS_24 _ENTER_BINARY_24_RC 
  _ENTER_BINARY_24 _CMP24 _CMP24_RC _COPY_L _POP64 _STORE32 _STORE64 _SEXT8_32 
  _SEXT16_32 _CALL_STAR08 _CALL_STAR08_FAR _Jump_Table_Addr _Jump_Table_Offset 
  _Jump_Table_Header_Addr _Jump_Table_Header_Offset _Search_Table_16_Addr 
  _Search_Table_16_Offset _Search_Table_8_Addr _Search_Table_8_Offset _PUSH_CC 
  _POP_CC _CONV_FAR_TO_NEAR _CONV_FAR_TO_LINEAR _CONV_LINEAR_TO_FAR 
NOT USED VARIABLES
DistanceManager_c.obj:
  distanceConstant 
StringUtilis_c.obj:
  size 
main_c.obj:
  k_clockWise k_counterClockWise k_msgDistanceSize k_msgTempLimSize 
  k_optTempLimSize k_numAfterDec k_optRpsSize k_optDegreeSize k_optDirCwSize 
  k_optDirCcwSize k_optMotorOnSize k_optMotorOffSize k_msgMotorSize 
  k_msgRpsSize k_msgDirSize k_msgStepSize k_msgStepSizeCcw k_msgDoneSize 
  k_invalidMsgSize k_overTempDetectsize k_optDistanceSize k_twoNumAfterDec 
rtshc08.o (ansiis.lib):
  _PowOfTwo_8 _PowOfTwo_16 _PowOfTwo_32 errno 

*********************************************************************************************
COPYDOWN SECTION
---------------------------------------------------------------------------------------------
------- ROM-ADDRESS: 0xEDEF ---- SIZE       4 ---
Filling bytes inserted
 00090100
------- ROM-ADDRESS: 0xEDF3 ---- RAM-ADDRESS: 0x100 ---- SIZE       9 ---
Name of initialized Object : tempMsg
 0A2020202E 20430A0D
------- ROM-ADDRESS: 0xEDFC ---- SIZE       2 ---
Filling bytes inserted
 0000

*********************************************************************************************
OBJECT-DEPENDENCIES SECTION
---------------------------------------------------------------------------------------------
Init                      USES _startupData loadByte 
_Startup                  USES __SEG_END_SSTACK Init main 
ADC_Init                  USES _APCTL1 _ADCSC1 
ADC_isDataReady           USES _ADCSC1 
ADC_Read                  USES _ADCR 
DelayManager_Init         USES TimersMngr_CreateTimer TimersMngr_StartTimer 
DelayManager_getTimeUs    USES _LMUL_RC _LDIVU_LC 
DirectionManager_Init     USES direction 
DirectionManager_setDirection USES direction 
DirectionManager_getDirection USES direction 
DistanceManager_Dist2Degrees USES _IMUL_STAR08 
MTIM_Init                 USES _MTIMSC _MTIMCLK _MTIMMOD 
MTIM_RegisterIsrCallback  USES sMtimIsrCallback 
MTIM_isr                  USES _MTIMSC sMtimIsrCallback 
MsgManager_Init           USES SCI_InitTx SCI_InitRx MsgManager_ReceiveMessage 
                                SCI_SetRxCallBack RxIndex Buffer_Select MsgManagerBuffer1_isFull 
                                MsgManagerBuffer2_isFull 
MsgManager_SendMessage    USES SCI_SendMessage 
MsgManager_TxisBusy       USES SCI_TxIsBusy 
MsgManager_GetMessageReceived USES MsgManagerBuffer1_isFull MsgManager_Buffer1 
                                MsgManager_Buffer2 MsgManagerBuffer2_isFull 
MsgManager_isNewMessageReady USES MsgManagerBuffer2_isFull 
                                MsgManagerBuffer1_isFull 
MsgManager_ReceiveMessage USES SCI_getChar RxIndex Buffer_Select 
                                MsgManagerBuffer1_isFull MsgManagerBuffer2_isFull MsgManager_Buffer1 
                                MsgManager_Buffer2 
MotorManager_Init         USES s_index half_step_sequence u8current_sequence 
                                _PTBDD _PTBD 
MotorManager_RotateCounterClockwise USES s_index half_step_sequence 
                                u8current_sequence _PTBD 
MotorManager_RotateClockwise USES s_index half_step_sequence 
                                u8current_sequence _PTBD 
SCI_RX                    USES _SRS _SCIS1 _fnRxCallback 
SCI_TxISR                 USES _SCIS1 _u8TxIndex _u8TxSize _SCIC2 bTX_IsBusy 
                                _cTxMSG _SCID 
SCI_InitTx                USES _SCIBD _SCIC2 
SCI_InitRx                USES _SCIC2 _SCIBD 
SCI_SendMessage           USES bTX_IsBusy _cTxMSG _u8TxSize _u8TxIndex _SCIC2 
SCI_TxIsBusy              USES bTX_IsBusy 
SCI_SetRxCallBack         USES _fnRxCallback 
SCI_getChar               USES _SCID 
StringUtils_Str2Num       USES _ICMP _IMUL_STAR08 
StringUtils_Num2Str       USES StringUtils_Num2Str _IDIVU_STAR08 _IMODU_8 
TemperatureManager_Init   USES ADC_Init 
TemperatureManager_isDataReady USES ADC_isDataReady 
TemperatureManager_Read   USES ADC_Read 
TimersMngr_Init           USES sTimersObjArray su8ActiveTimers su8Timers 
                                MTIM_Init TimersMngr_UpdateCount 
                                MTIM_RegisterIsrCallback _MTIMSC 
TimersMngr_PeriodicTask   USES su16ElapsedTime TimersMngr_PeriodicTask 
                                sTimersObjArray _LCMP _LSUB _POP32 su8Timers 
TimersMngr_CreateTimer    USES su8Timers sTimersObjArray 
TimersMngr_StartTimer     USES su8Timers sTimersObjArray _COPY su8ActiveTimers 
TimersMngr_TimerHasElapsed USES sTimersObjArray 
TimersMngr_UpdateCount    USES su16ElapsedTime 
moveMotor                 USES MotorManager_RotateClockwise 
                                MotorManager_RotateCounterClockwise 
tryAgain                  USES MsgManager_TxisBusy k_invalidMsg 
                                MsgManager_SendMessage 
sendDone                  USES MsgManager_TxisBusy k_msgDone 
                                MsgManager_SendMessage currMsg MsgManager_clearMsg 
main                      USES TimersMngr_Init DelayManager_Init tempTimerID 
                                DirectionManager_Init MotorManager_Init TemperatureManager_Init 
                                MsgManager_Init variableStepperTime motorState 
                                temperatureLimit TimersMngr_PeriodicTask TimersMngr_UpdateCount 
                                TemperatureManager_isDataReady TemperatureManager_Read 
                                TimersMngr_TimerHasElapsed DirectionManager_getDirection moveMotor main 
                                MsgManager_isNewMessageReady currMsg MsgManager_GetMessageReceived 
                                k_msgMotor StringUtils_strcmp k_optMotorOn sendDone 
                                k_optMotorOff tryAgain k_msgTempLim StringUtils_Str2Num 
                                k_msgRps DelayManager_getTimeUs k_msgDir k_optDirCw 
                                DirectionManager_setDirection k_optDirCcw k_msgStep _LMUL_RC _POP32 
                                TimersMngr_StartTimer _SRS k_msgStepCcw k_msgDistance 
                                DistanceManager_Dist2Degrees MsgManager_TxisBusy k_overTempDetect tempMsg 
                                StringUtils_Num2Str MsgManager_SendMessage _LSUB_RC _LCMP_RC 
_ENTER_BINARY_L           USES _PUSH_ARGS_L 
_ENTER_BINARY_L_RC        USES _PUSH_ARGS_L 
_ENTER_BINARY_L_LC        USES _PUSH_ARGS_L 
_LMUL_k_is_k_mul_j        USES _k_is_k_plus_j_l _k_is_k_plus_j_i 
_LDIVU_k_is_k_div_j       USES _LDIVMOD 
_IDIVU_STAR08             USES _IDIVMOD 
_IMODU_STAR08             USES _IDIVMOD 
_IMODU_8                  USES _IMODU_STAR08 
_LSUB                     USES _ENTER_BINARY_L _LSUB_k_is_k_minus_j 
_LSUB_RC                  USES _ENTER_BINARY_L_RC _LSUB_k_is_k_minus_j 
_LMUL_RC                  USES _ENTER_BINARY_L_RC _LMUL_k_is_k_mul_j 
_LDIVU_LC                 USES _ENTER_BINARY_L_LC _LDIVU_k_is_k_div_j 
_LCMP                     USES _ENTER_BINARY_L _LCMP_k_rel_j 
_LCMP_RC                  USES _ENTER_BINARY_L_RC _LCMP_k_rel_j 
_Vector_16                USES SCI_TxISR 
_Vector_15                USES SCI_RX 
_Vector_12                USES MTIM_isr 

*********************************************************************************************
DEPENDENCY TREE
*********************************************************************************************
 main and _Startup Group
 | 
 +- main                
 |  | 
 |  +- TimersMngr_Init     
 |  |  | 
 |  |  +- MTIM_Init           
 |  |  |    
 |  |  +- TimersMngr_UpdateCount
 |  |  |    
 |  |  +- MTIM_RegisterIsrCallback
 |  |       
 |  +- DelayManager_Init   
 |  |  | 
 |  |  +- TimersMngr_CreateTimer
 |  |  |    
 |  |  +- TimersMngr_StartTimer
 |  |     | 
 |  |     +- _COPY               
 |  |          
 |  +- DirectionManager_Init
 |  |    
 |  +- MotorManager_Init   
 |  |    
 |  +- TemperatureManager_Init
 |  |  | 
 |  |  +- ADC_Init            
 |  |       
 |  +- MsgManager_Init     
 |  |  | 
 |  |  +- SCI_InitTx          
 |  |  |    
 |  |  +- SCI_InitRx          
 |  |  |    
 |  |  +- MsgManager_ReceiveMessage
 |  |  |  | 
 |  |  |  +- SCI_getChar         
 |  |  |       
 |  |  +- SCI_SetRxCallBack   
 |  |       
 |  +- TimersMngr_PeriodicTask
 |  |  | 
 |  |  +- _LCMP               
 |  |  |  | 
 |  |  |  +- _ENTER_BINARY_L     
 |  |  |  |  | 
 |  |  |  |  +- _PUSH_ARGS_L        
 |  |  |  |       
 |  |  |  +- _LCMP_k_rel_j       
 |  |  |       
 |  |  +- _LSUB               
 |  |  |  | 
 |  |  |  +- _ENTER_BINARY_L      (see above)
 |  |  |  |  
 |  |  |  +- _LSUB_k_is_k_minus_j
 |  |  |       
 |  |  +- _POP32              
 |  |       
 |  +- TimersMngr_UpdateCount (see above)
 |  |  
 |  +- TemperatureManager_isDataReady
 |  |  | 
 |  |  +- ADC_isDataReady     
 |  |       
 |  +- TemperatureManager_Read
 |  |  | 
 |  |  +- ADC_Read            
 |  |       
 |  +- TimersMngr_TimerHasElapsed
 |  |    
 |  +- DirectionManager_getDirection
 |  |    
 |  +- moveMotor           
 |  |  | 
 |  |  +- MotorManager_RotateClockwise
 |  |  |    
 |  |  +- MotorManager_RotateCounterClockwise
 |  |       
 |  +- MsgManager_isNewMessageReady
 |  |    
 |  +- MsgManager_GetMessageReceived
 |  |    
 |  +- StringUtils_strcmp  
 |  |    
 |  +- sendDone            
 |  |  | 
 |  |  +- MsgManager_TxisBusy 
 |  |  |  | 
 |  |  |  +- SCI_TxIsBusy        
 |  |  |       
 |  |  +- MsgManager_SendMessage
 |  |  |  | 
 |  |  |  +- SCI_SendMessage     
 |  |  |       
 |  |  +- MsgManager_clearMsg 
 |  |       
 |  +- tryAgain            
 |  |  | 
 |  |  +- MsgManager_TxisBusy  (see above)
 |  |  |  
 |  |  +- MsgManager_SendMessage (see above)
 |  |     
 |  +- StringUtils_Str2Num 
 |  |  | 
 |  |  +- _ICMP               
 |  |  |    
 |  |  +- _IMUL_STAR08        
 |  |       
 |  +- DelayManager_getTimeUs
 |  |  | 
 |  |  +- _LMUL_RC            
 |  |  |  | 
 |  |  |  +- _ENTER_BINARY_L_RC  
 |  |  |  |  | 
 |  |  |  |  +- _PUSH_ARGS_L         (see above)
 |  |  |  |     
 |  |  |  +- _LMUL_k_is_k_mul_j  
 |  |  |     | 
 |  |  |     +- _k_is_k_plus_j_l    
 |  |  |     |    
 |  |  |     +- _k_is_k_plus_j_i    
 |  |  |          
 |  |  +- _LDIVU_LC           
 |  |     | 
 |  |     +- _ENTER_BINARY_L_LC  
 |  |     |  | 
 |  |     |  +- _PUSH_ARGS_L         (see above)
 |  |     |     
 |  |     +- _LDIVU_k_is_k_div_j 
 |  |        | 
 |  |        +- _LDIVMOD            
 |  |             
 |  +- DirectionManager_setDirection
 |  |    
 |  +- _LMUL_RC             (see above)
 |  |  
 |  +- _POP32               (see above)
 |  |  
 |  +- TimersMngr_StartTimer (see above)
 |  |  
 |  +- DistanceManager_Dist2Degrees
 |  |  | 
 |  |  +- _IMUL_STAR08         (see above)
 |  |     
 |  +- MsgManager_TxisBusy  (see above)
 |  |  
 |  +- StringUtils_Num2Str 
 |  |  | 
 |  |  +- _IDIVU_STAR08       
 |  |  |  | 
 |  |  |  +- _IDIVMOD            
 |  |  |       
 |  |  +- _IMODU_8            
 |  |     | 
 |  |     +- _IMODU_STAR08       
 |  |        | 
 |  |        +- _IDIVMOD             (see above)
 |  |           
 |  +- MsgManager_SendMessage (see above)
 |  |  
 |  +- _LSUB_RC            
 |  |  | 
 |  |  +- _ENTER_BINARY_L_RC   (see above)
 |  |  |  
 |  |  +- _LSUB_k_is_k_minus_j (see above)
 |  |     
 |  +- _LCMP_RC            
 |     | 
 |     +- _ENTER_BINARY_L_RC   (see above)
 |     |  
 |     +- _LCMP_k_rel_j        (see above)
 |        
 +- _Startup            
    | 
    +- Init                
    |  | 
    |  +- loadByte            
    |       
    +- main                 (see above)
       
 _Vector_12          
 | 
 +- MTIM_isr            
      
 _Vector_15          
 | 
 +- SCI_RX              
      
 _Vector_16          
 | 
 +- SCI_TxISR           
      
*********************************************************************************************
STATISTIC SECTION
---------------------------------------------------------------------------------------------

ExeFile:
--------
Number of blocks to be downloaded: 8
Total size of all blocks to be downloaded: 3590

